logfile opened on Sat Feb 14 13:05:48 2026
execing default.cfg
execing q3config.cfg
com_zoneMegs will be changed upon restarting.
couldn't exec autoexec.cfg
fs_basepath is write protected.
fs_homepath is write protected.
Hunk_Clear: reset the hunk ok
...detecting CPU, found 13th Gen Intel(R) Core(TM) i7-13700H
----- Client Initialization -----
----- Client Initialization Complete -----
----- Initializing Renderer ----
CL_InitRef: cl_renderer is "rtx"
CL_InitRef: attempting renderer module q3rtx_rtx_x86_64.dll
CL_InitRef: loaded renderer module from E:\Repositories\Q3RTX\build\meson-debug\q3rtx_rtx_x86_64.dll
-------------------------------
----- R_Init -----
Initializing Vulkan subsystem
...initializing QVK
...loading 'C:\WINDOWS\SYSTEM32\vulkan-1.dll' : success
...current monitor: 2560x1440@0,0 \\.\DISPLAY1
...setting mode -2: 2560 1440 W
...created window@3,22 (2582x1496)
.......................
Available physical devices:
 0: Integrated Intel(R) Iris(R) Xe Graphics, 0xa7a0
 1: Integrated Microsoft Direct3D12 (Intel(R) Iris(R) Xe Graphics), 0xa7a0
 2: Discrete NVIDIA GeForce RTX 4060 Laptop GPU, 0x28a0
 3: Discrete Microsoft Direct3D12 (NVIDIA GeForce RTX 4060 Laptop GPU), 0x28a0
 4: CPU Microsoft Direct3D12 (Microsoft Basic Render Driver), 0x008c
.......................
...selected physical device: 2
^3Vulkan: GPU debug markers requested, but VK_EXT_debug_marker is not available on this device
^3Vulkan: GPU debug markers requested but unavailable on this device
RTX capabilities (startup): swapchain=yes debug_markers=no descriptor_indexing=yes buffer_device_address=yes
RTX capability gate: requested=ray_tracing_pipeline (2), active=ray_tracing_pipeline (2), require=1
...presentation modes: FIFO FIFO_RELAXED MAILBOX IMMEDIATE FIFO_LATEST_READY
...selected presentation mode: IMMEDIATE, image count: 3
^5[0] type 3, size 15728640, align 1024
^5[1] type 3, size 327680, align 1024
^5[2] type 3, size 81920, align 1024
^5[3] type 3, size 327680, align 1024
^5[4] type 3, size 15728640, align 1024
memory type bits: 0003
memory type index: 0001
total size: 32194560

VK_VENDOR: NVIDIA
VK_RENDERER: Discrete NVIDIA GeForce RTX 4060 Laptop GPU, 0x28a0
VK_VERSION: API: 1.4.325, Driver: 591.74.0.0

VK_MAX_TEXTURE_SIZE: 2048
VK_MAX_TEXTURE_UNITS: 8

PIXELFORMAT: color(32-bits) Z(24-bit) stencil(8-bits)
 presentation: VK_FORMAT_B8G8R8A8_UNORM
 capture: VK_FORMAT_R8G8B8A8_UNORM
 depth: VK_FORMAT_D24_UNORM_S8_UINT
MODE: -2, 2560 x 1410 windowed hz:240
GAMMA: hardware w/ 1 overbright bits
texturemode: GL_LINEAR_MIPMAP_NEAREST
texture bits: 32
picmip: 1
Initializing Shaders
----- finished R_Init -----
------ Initializing Sound ------
----- Sound Info -----
    2 channels
16384 samples
   32 samplebits (float)
    1 submission_chunk
22050 speed
00007FF760E86140 dma buffer
Using WASAPI subsystem
No background file.
----------------------
Sound initialization successful.
--------------------------------
Sound memory manager started
Loading vm file vm/ui.qvm...
Loading 594 external jump table targets
Loading jts file vm/ui.jts...
VM file ui compiled to 214886 bytes of code
ui loaded in 2100672 bytes on the hunk
35 arenas parsed
32 bots parsed
--- Common Initialization Complete ---
Hostname: MSI
IP6: fe80::6740:34a:e340:d372%14
IP6: 2a00:23c8:2cb7:6201:19c3:41d:d409:c207
IP6: 2a00:23c8:2cb7:6201::27b
IP6: 2a00:23c8:2cb7:6201:1203:984e:560:67be
IP: 192.168.1.249
IP6: fe80::8880:1ab1:e30e:2b61%8
IP: 192.168.56.1
Opening IP6 socket: [::]:27960
Opening IP socket: 0.0.0.0:27960
Working directory: E:\Repositories\Q3RTX\build\meson-debug
------ Server Initialization ------
Server: q3dm1
RE_Shutdown( 0 )
Hunk_Clear: reset the hunk ok
...loaded in 2 milliseconds
----------------------
8612 files in 20 pk3 files
Loading vm file vm/qagame.qvm...
Loading 628 external jump table targets
Loading jts file vm/qagame.jts...
VM file qagame compiled to 454198 bytes of code
qagame loaded in 2100800 bytes on the hunk
------- Game Initialization -------
gamename: baseq3
gamedate: Feb 14 2025
Gametype changed, clearing session data.
0 teams with 0 entities
12 items registered
-----------------------------------
------- BotLib Initialization -------
loaded weapons.c
loaded items.c
loaded syn.c
loaded rnd.c
loaded match.c
loaded rchat.c
------------ Map Loading ------------
trying to load maps/q3dm1.aas
loaded maps/q3dm1.aas
found 18 level items
-------------------------------------
32 bots parsed
35 arenas parsed
^30: map rotation file doesn't exists.
AAS initialized.
-----------------------------------
Going from CS_FREE to CS_CONNECTED for UnnamedPlayer
Going from CS_CONNECTED to CS_PRIMED for UnnamedPlayer
RE_Shutdown( 0 )
----- R_Init -----
GAMMA: hardware w/ 1 overbright bits
texturemode: GL_LINEAR_MIPMAP_NEAREST
texture bits: 32
picmip: 1
Initializing Shaders
----- finished R_Init -----
Loading vm file vm/ui.qvm...
Loading 594 external jump table targets
Loading jts file vm/ui.jts...
VM file ui compiled to 214886 bytes of code
ui loaded in 2100672 bytes on the hunk
35 arenas parsed
32 bots parsed
Loading vm file vm/cgame.qvm...
Loading 459 external jump table targets
Loading jts file vm/cgame.jts...
VM file cgame compiled to 297550 bytes of code
cgame loaded in 4197312 bytes on the hunk
Font 'gfx/2d/bigchars.cfg' loaded with 250 chars and 3 images
Font 'gfx/2d/numbers.cfg' loaded with 11 chars and 2 images
stitched 0 LoD cracks
...loaded 1942 faces, 113 meshes, 42 trisurfs, 0 flares
...found 2020 VBO surfaces (17851 vertexes, 50331 indexes)
CL_InitCGame:  0.41 seconds
Com_TouchMemory: 1 msec
Going from CS_PRIMED to CS_ACTIVE for UnnamedPlayer
UnnamedPlayer^7 entered the game
RTX RT post stack validation: trace->copy->post_bloom->gamma ordering active (HUD/UI/cinematics remain in post-bloom/main composition path)
